// Jest Snapshot v1, https://goo.gl/fbAQLP

exports[`App functionality should render and mount properly 1`] = `ReactWrapper {}`;

exports[`App functionality should render without throwing an error 1`] = `ShallowWrapper {}`;

exports[`test HoverGrid 1`] = `
<div>
  <table
    className="sc-AxjAm fDEmJb"
  >
    <tbody>
      <tr
        className="sc-AxirZ dqVvws"
      >
        <td
          className="sc-AxiKw edaVZL"
          onClick={[Function]}
        >
          <div
            className="container"
          >
            <img
              alt="pic"
              onClick={[Function]}
              src="https://teamsloanpics.s3.us-east-2.amazonaws.com/001.jpeg"
            />
            <svg
              className="icon"
              dangerouslySetInnerHTML={
                Object {
                  "__html": "<path d=\\"M17 13h-4v4h-2v-4H7v-2h4V7h2v4h4m-5-9A10 10 0 0 0 2 12a10 10 0 0 0 10 10a10 10 0 0 0 10-10A10 10 0 0 0 12 2z\\" fill=\\"currentColor\\"/>",
                }
              }
              focusable={false}
              height="1em"
              preserveAspectRatio="xMidYMid meet"
              style={
                Object {
                  "transform": "rotate(360deg)",
                }
              }
              viewBox="0 0 24 24"
              width="1em"
              xmlns="http://www.w3.org/2000/svg"
            />
          </div>
        </td>
        <td
          className="sc-AxiKw edaVZL"
          onClick={[Function]}
        >
          <div
            className="container"
          >
            <img
              alt="pic"
              onClick={[Function]}
              src="https://teamsloanpics.s3.us-east-2.amazonaws.com/002.jpeg"
            />
            <svg
              className="icon"
              dangerouslySetInnerHTML={
                Object {
                  "__html": "<path d=\\"M17 13h-4v4h-2v-4H7v-2h4V7h2v4h4m-5-9A10 10 0 0 0 2 12a10 10 0 0 0 10 10a10 10 0 0 0 10-10A10 10 0 0 0 12 2z\\" fill=\\"currentColor\\"/>",
                }
              }
              focusable={false}
              height="1em"
              preserveAspectRatio="xMidYMid meet"
              style={
                Object {
                  "transform": "rotate(360deg)",
                }
              }
              viewBox="0 0 24 24"
              width="1em"
              xmlns="http://www.w3.org/2000/svg"
            />
          </div>
        </td>
      </tr>
      <tr
        className="sc-AxirZ dqVvws"
      >
        <td
          className="sc-AxiKw edaVZL"
          onClick={[Function]}
        >
          <div
            className="container"
          >
            <img
              alt="pic"
              onClick={[Function]}
              src="https://teamsloanpics.s3.us-east-2.amazonaws.com/003.jpeg"
            />
            <svg
              className="icon"
              dangerouslySetInnerHTML={
                Object {
                  "__html": "<path d=\\"M17 13h-4v4h-2v-4H7v-2h4V7h2v4h4m-5-9A10 10 0 0 0 2 12a10 10 0 0 0 10 10a10 10 0 0 0 10-10A10 10 0 0 0 12 2z\\" fill=\\"currentColor\\"/>",
                }
              }
              focusable={false}
              height="1em"
              preserveAspectRatio="xMidYMid meet"
              style={
                Object {
                  "transform": "rotate(360deg)",
                }
              }
              viewBox="0 0 24 24"
              width="1em"
              xmlns="http://www.w3.org/2000/svg"
            />
          </div>
        </td>
        <td
          className="sc-AxiKw edaVZL"
          onClick={[Function]}
        >
          <div
            className="container"
          >
            <img
              alt="pic"
              onClick={[Function]}
              src="https://teamsloanpics.s3.us-east-2.amazonaws.com/004.jpeg"
            />
            <svg
              className="icon"
              dangerouslySetInnerHTML={
                Object {
                  "__html": "<path d=\\"M17 13h-4v4h-2v-4H7v-2h4V7h2v4h4m-5-9A10 10 0 0 0 2 12a10 10 0 0 0 10 10a10 10 0 0 0 10-10A10 10 0 0 0 12 2z\\" fill=\\"currentColor\\"/>",
                }
              }
              focusable={false}
              height="1em"
              preserveAspectRatio="xMidYMid meet"
              style={
                Object {
                  "transform": "rotate(360deg)",
                }
              }
              viewBox="0 0 24 24"
              width="1em"
              xmlns="http://www.w3.org/2000/svg"
            />
          </div>
        </td>
      </tr>
      <tr
        className="sc-AxirZ dqVvws"
      >
        <td
          className="sc-AxiKw edaVZL"
          onClick={[Function]}
        >
          <div
            className="container"
          >
            <img
              alt="pic"
              onClick={[Function]}
              src="https://teamsloanpics.s3.us-east-2.amazonaws.com/005.jpeg"
            />
            <svg
              className="icon"
              dangerouslySetInnerHTML={
                Object {
                  "__html": "<path d=\\"M17 13h-4v4h-2v-4H7v-2h4V7h2v4h4m-5-9A10 10 0 0 0 2 12a10 10 0 0 0 10 10a10 10 0 0 0 10-10A10 10 0 0 0 12 2z\\" fill=\\"currentColor\\"/>",
                }
              }
              focusable={false}
              height="1em"
              preserveAspectRatio="xMidYMid meet"
              style={
                Object {
                  "transform": "rotate(360deg)",
                }
              }
              viewBox="0 0 24 24"
              width="1em"
              xmlns="http://www.w3.org/2000/svg"
            />
          </div>
        </td>
        <td
          className="sc-AxiKw edaVZL"
          onClick={[Function]}
        >
          <div
            className="container"
          >
            <img
              alt="pic"
              onClick={[Function]}
              src="https://teamsloanpics.s3.us-east-2.amazonaws.com/006.jpeg"
            />
            <svg
              className="icon"
              dangerouslySetInnerHTML={
                Object {
                  "__html": "<path d=\\"M17 13h-4v4h-2v-4H7v-2h4V7h2v4h4m-5-9A10 10 0 0 0 2 12a10 10 0 0 0 10 10a10 10 0 0 0 10-10A10 10 0 0 0 12 2z\\" fill=\\"currentColor\\"/>",
                }
              }
              focusable={false}
              height="1em"
              preserveAspectRatio="xMidYMid meet"
              style={
                Object {
                  "transform": "rotate(360deg)",
                }
              }
              viewBox="0 0 24 24"
              width="1em"
              xmlns="http://www.w3.org/2000/svg"
            />
          </div>
        </td>
      </tr>
      <tr
        className="sc-AxirZ dqVvws"
      >
        <td
          className="sc-AxiKw edaVZL"
          onClick={[Function]}
        >
          <div
            className="container"
          >
            <img
              alt="pic"
              onClick={[Function]}
              src="https://teamsloanpics.s3.us-east-2.amazonaws.com/007.jpeg"
            />
            <svg
              className="icon"
              dangerouslySetInnerHTML={
                Object {
                  "__html": "<path d=\\"M17 13h-4v4h-2v-4H7v-2h4V7h2v4h4m-5-9A10 10 0 0 0 2 12a10 10 0 0 0 10 10a10 10 0 0 0 10-10A10 10 0 0 0 12 2z\\" fill=\\"currentColor\\"/>",
                }
              }
              focusable={false}
              height="1em"
              preserveAspectRatio="xMidYMid meet"
              style={
                Object {
                  "transform": "rotate(360deg)",
                }
              }
              viewBox="0 0 24 24"
              width="1em"
              xmlns="http://www.w3.org/2000/svg"
            />
          </div>
        </td>
        <td
          className="sc-AxiKw edaVZL"
          onClick={[Function]}
        >
          <div
            className="container"
          >
            <img
              alt="pic"
              onClick={[Function]}
              src="https://teamsloanpics.s3.us-east-2.amazonaws.com/008.jpeg"
            />
            <svg
              className="icon"
              dangerouslySetInnerHTML={
                Object {
                  "__html": "<path d=\\"M17 13h-4v4h-2v-4H7v-2h4V7h2v4h4m-5-9A10 10 0 0 0 2 12a10 10 0 0 0 10 10a10 10 0 0 0 10-10A10 10 0 0 0 12 2z\\" fill=\\"currentColor\\"/>",
                }
              }
              focusable={false}
              height="1em"
              preserveAspectRatio="xMidYMid meet"
              style={
                Object {
                  "transform": "rotate(360deg)",
                }
              }
              viewBox="0 0 24 24"
              width="1em"
              xmlns="http://www.w3.org/2000/svg"
            />
          </div>
        </td>
      </tr>
    </tbody>
  </table>
</div>
`;
